---
source: src/lib.rs
expression: parsed.unwrap().format().unwrap()
---
---
# test
k: &anch test
# hi
v: &ok
  - &ok2 test
  # comment
  - *test
v: test # maybe
k:
  - 5
  - 10
  - "e"
double_quoted: "test

now a space \n vs \\n
"
single_quoted: 'test escaping ''

now a space \n vs \\n
'
# after
