---
source: src/lib.rs
expression: parsed.unwrap().format().unwrap()
---
---
vset_range:
  - -10
  - 10
vset_range_points: 20
